// Jest Snapshot v1, https://goo.gl/fbAQLP

exports[`Text Field should be consistent with previous versions:  1`] = `
Object {
  "defaultProps": Object {
    "variant": "filled",
  },
}
`;
