// Jest Snapshot v1, https://goo.gl/fbAQLP

exports[`FormHelperText should be consistent with previous versions:  1`] = `
Object {
  "defaultProps": Object {
    "component": "div",
  },
}
`;
