// Jest Snapshot v1, https://goo.gl/fbAQLP

exports[`Radio should be consistent with previous versions:  1`] = `
Object {
  "defaultProps": Object {
    "checkedIcon": <Unknown />,
    "icon": <Unknown />,
  },
  "styleOverrides": Object {
    "colorPrimary": Object {
      "& .BAIRadio-wrapper svg": Object {
        "color": "#FFFFFF",
      },
      "&.Mui-focusVisible .BAIRadio-wrapper": Object {
        "borderColor": "rgb(18, 82, 148)",
        "boxShadow": "0px 0px 0px 4px rgba(72, 145, 220, 0.5)",
      },
      "&:hover, &.Mui-checked:hover": Object {
        "backgroundColor": "transparent",
        "color": "rgb(18, 82, 148)",
      },
      "color": "#1B76D4",
    },
    "colorSecondary": Object {
      "& .BAIRadio-wrapper svg": Object {
        "color": "#FFFFFF",
      },
      "&.Mui-focusVisible .BAIRadio-wrapper": Object {
        "borderColor": "rgb(81, 81, 81)",
        "boxShadow": "0px 0px 0px 4px rgba(144, 144, 144, 0.5)",
      },
      "&:hover, &.Mui-checked:hover": Object {
        "backgroundColor": "transparent",
        "color": "rgb(81, 81, 81)",
      },
      "color": "#757575",
    },
    "root": Object {
      "& .BAIRadio-wrapper": Object {
        "backgroundColor": "transparent",
        "borderColor": "#bdbdbd",
        "borderRadius": "500px",
        "borderStyle": "solid",
        "borderWidth": 2,
        "contain": "layout paint",
        "transition": "background-color 300ms ease",
        "userSelect": "none",
      },
      "&.Mui-checked": Object {
        "& .BAIRadio-wrapper": Object {
          "background": "currentcolor",
          "borderColor": "currentcolor",
        },
      },
      "&.Mui-disabled": Object {
        "& .BAIRadio-wrapper": Object {
          "opacity": 0.3,
        },
        "color": "#bdbdbd",
      },
      "&.Mui-focusVisible": Object {
        "boxShadow": "none",
      },
      "&:hover": Object {
        "background": "none",
      },
      "color": "#9e9e9e",
    },
  },
}
`;
